{
  "schema_version": "region-prototype-v2",
  "case_id": "n24_d10_default",
  "region": {
    "producer": [
      4096,
      16384,
      1024
    ],
    "consumer": [
      64,
      1048576,
      64
    ],
    "dtype": "c64"
  },
  "math": "E = D @ transform(A@B); transform = reshape->transpose->reshape (Task 2)",
  "no_full_P_materialized": true,
  "no_full_T_materialized": true,
  "correctness_contract": {
    "PM": 2,
    "PN": 16,
    "K1": 4,
    "TM": 4,
    "TN": 8
  },
  "n_seeds": 6,
  "relative_l2": 1.3549268373935774e-07,
  "max_rel": 2.39476690921947e-07,
  "correct": true,
  "device": "NVIDIA GeForce RTX 5070 Ti Laptop GPU",
  "num_sm": 46,
  "threads_per_block": 256,
  "registers_per_thread": 60,
  "occupancy_blocks_per_sm": 4,
  "occupancy_pct": 66.7,
  "analytical_materialized_buffer_floor_bytes": 1778384896,
  "analytical_fused_buffer_floor_bytes": 704643072,
  "analytical_or_allocation_upper_bound_bytes": 1073741824,
  "peak_evidence_class": "MEASURED",
  "peak_measurement_method": "raw_allocation_size_delta",
  "materialized_runtime_allocator_peak_bytes": 1778384896,
  "fused_runtime_allocator_peak_bytes": 704643072,
  "runtime_peak_gain_bytes": 1073741824,
  "runtime_peak_measurement_method": "cuda_allocator_highwatermark",
  "runtime_peak_scope": "full_anchor_pte_v1",
  "runtime_peak_sample_count": 1,
  "p_buffer_bytes": 536870912,
  "t_buffer_bytes": 536870912,
  "producer_recompute_factor": 64,
  "producer_recompute_flops": 8796093022208,
  "materialized_latency_ms": 101.26547899994875,
  "kernel_only_latency_ms": 20412.46875,
  "fused_full_anchor_run": true,
  "fused_avoided_P_T": true,
  "full_anchor_correctness": {
    "n_seeds": 6,
    "n_profiles": 3,
    "n_cells_expected": 18,
    "n_cells_measured": 18,
    "summary_complete": true,
    "coverage_policy_satisfied": true,
    "required_seed_list": [
      0,
      1,
      2,
      1598166685,
      542109305,
      1463850203
    ],
    "required_input_profiles": [
      "baseline",
      "mixed_scale",
      "cancellation"
    ],
    "worst_relative_l2": 5.812893869006075e-05,
    "worst_max_rel": 5.9834110288647935e-05,
    "nan_inf": false,
    "output_shape": [
      64,
      1048576
    ],
    "output_dtype": "complex64",
    "output_bytes": 536870912,
    "P_bytes_avoided": 536870912,
    "T_bytes_avoided": 536870912,
    "reference_rms": 0.5112522387096073,
    "global_rel_l2": 5.8128938069216e-05,
    "local_scaled_max": 0.14666077359851473,
    "worst_global_rel_l2": 5.8128938069216e-05,
    "worst_global_rel_l2_cell_key": "cancellation:cancellation_v2:seed=542109305",
    "worst_local_scaled_max": 0.14666077359851473,
    "worst_local_scaled_max_cell_key": "cancellation:cancellation_v2:seed=542109305",
    "local_scaled_argmax_reference_abs": 0.0004882161863755533,
    "any_nan_inf": false,
    "policy_id": "REGION_FUSED_FULL_ANCHOR_ACCURACY_v5",
    "policy_file_sha256": "3ecfa370409e2397319276b8aa1b64bf19a816b2e8e0fb478b51569bf383ced1",
    "metric_schema_version": "dual-gate-v5",
    "per_profile_dual_gate": {
      "baseline": {
        "n_seeds": 6,
        "worst_relative_l2": 8.51134643653495e-07,
        "worst_max_rel": 1.0528650591368205e-06,
        "nan_inf": false,
        "output_shape": [
          64,
          1048576
        ],
        "output_dtype": "complex64",
        "output_bytes": 536870912,
        "P_bytes_avoided": 536870912,
        "T_bytes_avoided": 536870912,
        "summary_complete": true,
        "reference_rms": 726.8493067832464,
        "global_rel_l2": 8.511346467918315e-07,
        "local_scaled_max": 0.0020867886364433004,
        "worst_local_scaled_max": 0.0020867886364433004,
        "local_scaled_argmax_reference_abs": 0.6095525451356527,
        "worst_dg_seed": 542109305,
        "worst_global_rel_l2": 8.511346467918315e-07,
        "worst_global_rel_l2_cell_key": "baseline:baseline_v1:seed=0",
        "worst_local_scaled_max_cell_key": "baseline:baseline_v1:seed=542109305",
        "any_nan_inf": false,
        "per_seed_dual_gate": {
          "0": {
            "reference_rms": 727.7423763406898,
            "global_rel_l2": 8.511346467918315e-07,
            "local_scaled_max": 0.0020273969425613552,
            "local_scaled_argmax_reference_abs": 0.571757489087791,
            "nan_inf": false,
            "status": null,
            "policy_verdict": "FAIL",
            "policy_reasons": [
              "FAIL_LOCAL_SCALED_MAX"
            ]
          },
          "1": {
            "reference_rms": 729.6026871998201,
            "global_rel_l2": 8.500333470671656e-07,
            "local_scaled_max": 0.0018406358430242526,
            "local_scaled_argmax_reference_abs": 0.8395914181349634,
            "nan_inf": false,
            "status": null,
            "policy_verdict": "FAIL",
            "policy_reasons": [
              "FAIL_LOCAL_SCALED_MAX"
            ]
          },
          "2": {
            "reference_rms": 725.1276320210727,
            "global_rel_l2": 8.498239651574185e-07,
            "local_scaled_max": 0.0018799718439614856,
            "local_scaled_argmax_reference_abs": 0.6565163087782422,
            "nan_inf": false,
            "status": null,
            "policy_verdict": "FAIL",
            "policy_reasons": [
              "FAIL_LOCAL_SCALED_MAX"
            ]
          },
          "1598166685": {
            "reference_rms": 721.2087266697837,
            "global_rel_l2": 8.510354568667218e-07,
            "local_scaled_max": 0.001683491086011413,
            "local_scaled_argmax_reference_abs": 0.7236897834788215,
            "nan_inf": false,
            "status": null,
            "policy_verdict": "FAIL",
            "policy_reasons": [
              "FAIL_LOCAL_SCALED_MAX"
            ]
          },
          "542109305": {
            "reference_rms": 726.8493067832464,
            "global_rel_l2": 8.507550314643477e-07,
            "local_scaled_max": 0.0020867886364433004,
            "local_scaled_argmax_reference_abs": 0.6095525451356527,
            "nan_inf": false,
            "status": null,
            "policy_verdict": "FAIL",
            "policy_reasons": [
              "FAIL_LOCAL_SCALED_MAX"
            ]
          },
          "1463850203": {
            "reference_rms": 720.2550979822369,
            "global_rel_l2": 8.498488142033089e-07,
            "local_scaled_max": 0.0016522881600664358,
            "local_scaled_argmax_reference_abs": 0.7081380725688838,
            "nan_inf": false,
            "status": null,
            "policy_verdict": "FAIL",
            "policy_reasons": [
              "FAIL_LOCAL_SCALED_MAX"
            ]
          }
        }
      },
      "mixed_scale": {
        "n_seeds": 6,
        "worst_relative_l2": 7.481578450097004e-07,
        "worst_max_rel": 1.0487362942512846e-06,
        "nan_inf": false,
        "output_shape": [
          64,
          1048576
        ],
        "output_dtype": "complex64",
        "output_bytes": 536870912,
        "P_bytes_avoided": 536870912,
        "T_bytes_avoided": 536870912,
        "summary_complete": true,
        "reference_rms": 257840956.2887317,
        "global_rel_l2": 7.481578719185227e-07,
        "local_scaled_max": 0.0023253210542822514,
        "worst_local_scaled_max": 0.0023253210542822514,
        "local_scaled_argmax_reference_abs": 250820.41490129364,
        "worst_dg_seed": 0,
        "worst_global_rel_l2": 7.481578719185227e-07,
        "worst_global_rel_l2_cell_key": "mixed_scale:mixed_scale_v1:seed=1463850203",
        "worst_local_scaled_max_cell_key": "mixed_scale:mixed_scale_v1:seed=0",
        "any_nan_inf": false,
        "per_seed_dual_gate": {
          "0": {
            "reference_rms": 257840956.2887317,
            "global_rel_l2": 7.475161399359785e-07,
            "local_scaled_max": 0.0023253210542822514,
            "local_scaled_argmax_reference_abs": 250820.41490129364,
            "nan_inf": false,
            "status": null,
            "policy_verdict": "FAIL",
            "policy_reasons": [
              "FAIL_LOCAL_SCALED_MAX"
            ]
          },
          "1": {
            "reference_rms": 260769864.4813269,
            "global_rel_l2": 7.462468203412899e-07,
            "local_scaled_max": 0.0014424896156733681,
            "local_scaled_argmax_reference_abs": 339335.5174110381,
            "nan_inf": false,
            "status": null,
            "policy_verdict": "FAIL",
            "policy_reasons": [
              "FAIL_LOCAL_SCALED_MAX"
            ]
          },
          "2": {
            "reference_rms": 258030864.6570023,
            "global_rel_l2": 7.473673396417572e-07,
            "local_scaled_max": 0.0014297044881987442,
            "local_scaled_argmax_reference_abs": 252670.58762441133,
            "nan_inf": false,
            "status": null,
            "policy_verdict": "FAIL",
            "policy_reasons": [
              "FAIL_LOCAL_SCALED_MAX"
            ]
          },
          "1598166685": {
            "reference_rms": 252220805.10223854,
            "global_rel_l2": 7.472671717888725e-07,
            "local_scaled_max": 0.0015004415723903635,
            "local_scaled_argmax_reference_abs": 124554.91887395916,
            "nan_inf": false,
            "status": null,
            "policy_verdict": "FAIL",
            "policy_reasons": [
              "FAIL_LOCAL_SCALED_MAX"
            ]
          },
          "542109305": {
            "reference_rms": 261004866.58517563,
            "global_rel_l2": 7.474504209842656e-07,
            "local_scaled_max": 0.001875537874729479,
            "local_scaled_argmax_reference_abs": 303679.9415255009,
            "nan_inf": false,
            "status": null,
            "policy_verdict": "FAIL",
            "policy_reasons": [
              "FAIL_LOCAL_SCALED_MAX"
            ]
          },
          "1463850203": {
            "reference_rms": 251008679.11040947,
            "global_rel_l2": 7.481578719185227e-07,
            "local_scaled_max": 0.001437513637555658,
            "local_scaled_argmax_reference_abs": 234688.686439097,
            "nan_inf": false,
            "status": null,
            "policy_verdict": "FAIL",
            "policy_reasons": [
              "FAIL_LOCAL_SCALED_MAX"
            ]
          }
        }
      },
      "cancellation": {
        "n_seeds": 6,
        "worst_relative_l2": 5.812893869006075e-05,
        "worst_max_rel": 5.9834110288647935e-05,
        "nan_inf": false,
        "output_shape": [
          64,
          1048576
        ],
        "output_dtype": "complex64",
        "output_bytes": 536870912,
        "P_bytes_avoided": 536870912,
        "T_bytes_avoided": 536870912,
        "summary_complete": true,
        "reference_rms": 0.5112522387096073,
        "global_rel_l2": 5.8128938069216e-05,
        "local_scaled_max": 0.14666077359851473,
        "worst_local_scaled_max": 0.14666077359851473,
        "local_scaled_argmax_reference_abs": 0.0004882161863755533,
        "worst_dg_seed": 542109305,
        "worst_global_rel_l2": 5.8128938069216e-05,
        "worst_global_rel_l2_cell_key": "cancellation:cancellation_v2:seed=542109305",
        "worst_local_scaled_max_cell_key": "cancellation:cancellation_v2:seed=542109305",
        "any_nan_inf": false,
        "per_seed_dual_gate": {
          "0": {
            "reference_rms": 0.5155292504211078,
            "global_rel_l2": 5.808953160438505e-05,
            "local_scaled_max": 0.12414229626100351,
            "local_scaled_argmax_reference_abs": 0.0002123679244459205,
            "nan_inf": false,
            "status": null,
            "policy_verdict": "FAIL",
            "policy_reasons": [
              "FAIL_LOCAL_SCALED_MAX"
            ]
          },
          "1": {
            "reference_rms": 0.5176088196385737,
            "global_rel_l2": 5.8096131757317825e-05,
            "local_scaled_max": 0.13341674510678123,
            "local_scaled_argmax_reference_abs": 0.0004937301709938002,
            "nan_inf": false,
            "status": null,
            "policy_verdict": "FAIL",
            "policy_reasons": [
              "FAIL_LOCAL_SCALED_MAX"
            ]
          },
          "2": {
            "reference_rms": 0.5131633016058045,
            "global_rel_l2": 5.808622535416341e-05,
            "local_scaled_max": 0.13383377743141744,
            "local_scaled_argmax_reference_abs": 0.00048452323044207297,
            "nan_inf": false,
            "status": null,
            "policy_verdict": "FAIL",
            "policy_reasons": [
              "FAIL_LOCAL_SCALED_MAX"
            ]
          },
          "1598166685": {
            "reference_rms": 0.5173140901050585,
            "global_rel_l2": 5.811739698306852e-05,
            "local_scaled_max": 0.12833083637977474,
            "local_scaled_argmax_reference_abs": 0.0002807167692244108,
            "nan_inf": false,
            "status": null,
            "policy_verdict": "FAIL",
            "policy_reasons": [
              "FAIL_LOCAL_SCALED_MAX"
            ]
          },
          "542109305": {
            "reference_rms": 0.5112522387096073,
            "global_rel_l2": 5.8128938069216e-05,
            "local_scaled_max": 0.14666077359851473,
            "local_scaled_argmax_reference_abs": 0.0004882161863755533,
            "nan_inf": false,
            "status": null,
            "policy_verdict": "FAIL",
            "policy_reasons": [
              "FAIL_LOCAL_SCALED_MAX"
            ]
          },
          "1463850203": {
            "reference_rms": 0.5065203978549561,
            "global_rel_l2": 5.812154119397997e-05,
            "local_scaled_max": 0.1174373018766619,
            "local_scaled_argmax_reference_abs": 0.0005453255850706323,
            "nan_inf": false,
            "status": null,
            "policy_verdict": "FAIL",
            "policy_reasons": [
              "FAIL_LOCAL_SCALED_MAX"
            ]
          }
        }
      }
    }
  },
  "fused_latency_note": "fused kernel at the full anchor is timed via cuda events (kernel_only_latency_ms). The materialized path's runtime allocator peak (~1.7 GB, P+T+E coexist during GEMMs) is measured via driver memGetInfo delta; the fused path's peak (~672 MiB, A+B+D+E only, no P/T) is measured the same way. peak_evidence_class=MEASURED.",
  "memory_policy_met": true,
  "verdict": "FAIL",
  "note": "real two-stage P->T->E prototype: fused producer-recompute kernel (nvrtc sm_120) computes E = D @ transform(A@B) without writing full P/T. G2: full-anchor fused run IS executed -- correctness verified fused == materialized across all requested profiles/seeds at full anchor dims under the frozen dual gate, runtime allocator peak measured for both paths (materialized ~1.7 GB, fused ~672 MiB), kernel-only latency measured via cuda events. The canonical verdict is a real PASS/FAIL/UNKNOWN derived from measured evidence, not a hardcoded UNKNOWN."
}
